PASS A 60 rapid corrections: all 201, each recorded strictly after the previous, /me and /statement reflect each at once; bad=[]
PASS A GET revisions: recorded_at strictly increasing over 61 revisions; revision 1 recorded_at == created_at
PASS A known_at == recorded_at selects that revision (inclusive), 1 us earlier the previous one (none before revision 1)
PASS B seeded payment (created_at omitted=reset instant) corrected immediately: 201, recorded strictly after revision 1 ['2026-10-03T19:40:52.284295+00:00', '2026-10-03T19:40:52.315201+00:00']
PASS B /me reflects the correction at once (ada 9000 -> 9600)
PASS B seeded payment (created_at omitted=reset instant) corrected immediately: 201, recorded strictly after revision 1 ['2026-10-03T19:40:52.320805+00:00', '2026-10-03T19:40:52.351039+00:00']
PASS B /me reflects the correction at once (ada 9000 -> 9600)
PASS B seeded payment (created_at supplied) corrected immediately: 201, recorded strictly after revision 1 ['2026-10-03T19:40:51.356950+00:00', '2026-10-03T19:40:52.389684+00:00']
PASS B /me reflects the correction at once (ada 9000 -> 9600)
PASS B seeded payment (created_at supplied) corrected immediately: 201, recorded strictly after revision 1 ['2026-10-03T19:40:51.395748+00:00', '2026-10-03T19:40:52.427772+00:00']
PASS B /me reflects the correction at once (ada 9000 -> 9600)
PASS C import with revision 1 recorded 0.03 s ahead: correction 201 and recorded strictly after it ['2026-10-03T19:40:52.498262+00:00', '2026-10-03T19:40:52.498263+00:00']
PASS C ... and the correction is visible to the very next read (/me ada 9200, statement shows revision 2)
PASS C sum of totals unchanged
PASS C import with revision 1 recorded 0.60 s ahead: correction 201 and recorded strictly after it ['2026-10-03T19:40:53.130482+00:00', '2026-10-03T19:40:53.130483+00:00']
PASS C ... and the correction is visible to the very next read (/me ada 9200, statement shows revision 2)
PASS C sum of totals unchanged
PASS D 70 s loop: 525 payments, 735 corrections, 105 import round trips: every correction 201, strictly after the previous revision, visible to the next read; first bad []
PASS D every payment's recorded_at strictly increasing in GET revisions at the end (525 payments)
PASS D sum of totals == 1000000
INFO host wall-clock steps seen during this run: [('19:40:52.718976', -832.5), ('19:41:24.126828', -843.9)]
== r3_corr_order: 20 pass, 0 fail, 3530 requests, 0 5xx, max latency 0.029s, p99 0.018s
