PASS one clock: expires_at - created_at == ttl exactly (2 s), same precision
PASS one clock: expires_at - created_at == ttl exactly (2 s), same precision
PASS one clock: expires_at - created_at == ttl exactly (2 s), same precision
PASS one clock: expires_at - created_at == ttl exactly (2 s), same precision
PASS one clock: expires_at - created_at == ttl exactly (2 s), same precision
PASS one clock: expires_at - created_at == ttl exactly (2 s), same precision
PASS one clock: expires_at - created_at == ttl exactly (2 s), same precision
PASS one clock: expires_at - created_at == ttl exactly (2 s), same precision
PASS one clock: expires_at - created_at == ttl exactly (2 s), same precision
PASS one clock: expires_at - created_at == ttl exactly (2 s), same precision
PASS one clock: expires_at - created_at == ttl exactly (2 s), same precision
PASS one clock: expires_at - created_at == ttl exactly (2 s), same precision
PASS one clock: expires_at - created_at == ttl exactly (2 s), same precision
PASS one clock: expires_at - created_at == ttl exactly (2 s), same precision
PASS one clock: expires_at - created_at == ttl exactly (2 s), same precision
PASS one clock: expires_at - created_at == ttl exactly (2 s), same precision
PASS one clock: expires_at - created_at == ttl exactly (2 s), same precision
PASS one clock: expires_at - created_at == ttl exactly (2 s), same precision
PASS one clock: expires_at - created_at == ttl exactly (2 s), same precision
PASS one clock: expires_at - created_at == ttl exactly (2 s), same precision
PASS one clock: expires_at - created_at == ttl exactly (2 s), same precision
PASS one clock: expires_at - created_at == ttl exactly (2 s), same precision
PASS one clock: expires_at - created_at == ttl exactly (2 s), same precision
PASS one clock: expires_at - created_at == ttl exactly (2 s), same precision
PASS one clock: expires_at - created_at == ttl exactly (2 s), same precision
PASS one clock: expires_at - created_at == ttl exactly (2 s), same precision
PASS one clock: expires_at - created_at == ttl exactly (2 s), same precision
PASS one clock: expires_at - created_at == ttl exactly (2 s), same precision
PASS one clock: expires_at - created_at == ttl exactly (2 s), same precision
PASS one clock: expires_at - created_at == ttl exactly (2 s), same precision
PASS one clock: expires_at - created_at == ttl exactly (2 s), same precision
PASS one clock: expires_at - created_at == ttl exactly (2 s), same precision
PASS one clock: expires_at - created_at == ttl exactly (2 s), same precision
PASS one clock: expires_at - created_at == ttl exactly (2 s), same precision
PASS one clock: expires_at - created_at == ttl exactly (2 s), same precision
PASS phase 1 produced a useful mix (>=20 payments, >=15 authorizations, >=3 captures)
FAIL every payment/authorization created_at lies within its own request window (+-30 ms): one wall clock, no ratchet :: [('authorize', '2026-10-02T22:26:35.197165+00:00', '2026-10-02T22:26:35.000000+00:00', '2026-10-02T22:26:35.198102+00:00'), ('authorize', '2026-10-02T22:26:35.207127+00:00', '2026-10-02T22:26:35.000000+00:00', '2026-10-02T22:26:35.207899+00:00'), ('authorize', '2026-10-02T22:26:35.219920+00:00', '2026-10-02T22:26:35.000000+00:00', '2026-10-02T22:26:35.220663+00:00')]
PASS every authorization is visible to its sender
PASS closed_at: null only while open; every terminal authorization carries it
PASS closed_at never before created_at (a hold cannot be released before it is placed)
PASS closed_at: null only while open; every terminal authorization carries it
PASS closed_at never before created_at (a hold cannot be released before it is placed)
PASS closed_at: null only while open; every terminal authorization carries it
PASS closed_at never before created_at (a hold cannot be released before it is placed)
PASS closed_at: null only while open; every terminal authorization carries it
PASS closed_at never before created_at (a hold cannot be released before it is placed)
PASS closed_at: null only while open; every terminal authorization carries it
PASS closed_at never before created_at (a hold cannot be released before it is placed)
PASS closed_at: null only while open; every terminal authorization carries it
PASS closed_at never before created_at (a hold cannot be released before it is placed)
PASS closed_at: null only while open; every terminal authorization carries it
PASS closed_at never before created_at (a hold cannot be released before it is placed)
PASS closed_at: null only while open; every terminal authorization carries it
PASS closed_at never before created_at (a hold cannot be released before it is placed)
PASS closed_at: null only while open; every terminal authorization carries it
PASS closed_at never before created_at (a hold cannot be released before it is placed)
PASS closed_at: null only while open; every terminal authorization carries it
PASS closed_at never before created_at (a hold cannot be released before it is placed)
PASS closed_at: null only while open; every terminal authorization carries it
PASS closed_at never before created_at (a hold cannot be released before it is placed)
PASS closed_at: null only while open; every terminal authorization carries it
PASS closed_at never before created_at (a hold cannot be released before it is placed)
PASS closed_at: null only while open; every terminal authorization carries it
PASS closed_at never before created_at (a hold cannot be released before it is placed)
PASS closed_at: null only while open; every terminal authorization carries it
PASS closed_at never before created_at (a hold cannot be released before it is placed)
PASS closed_at: null only while open; every terminal authorization carries it
PASS closed_at never before created_at (a hold cannot be released before it is placed)
PASS closed_at: null only while open; every terminal authorization carries it
PASS closed_at never before created_at (a hold cannot be released before it is placed)
PASS closed_at: null only while open; every terminal authorization carries it
PASS closed_at never before created_at (a hold cannot be released before it is placed)
PASS closed_at: null only while open; every terminal authorization carries it
PASS closed_at never before created_at (a hold cannot be released before it is placed)
PASS closed_at: null only while open; every terminal authorization carries it
PASS closed_at never before created_at (a hold cannot be released before it is placed)
PASS closed_at: null only while open; every terminal authorization carries it
PASS closed_at never before created_at (a hold cannot be released before it is placed)
PASS closed_at: null only while open; every terminal authorization carries it
PASS closed_at never before created_at (a hold cannot be released before it is placed)
PASS closed_at: null only while open; every terminal authorization carries it
PASS closed_at never before created_at (a hold cannot be released before it is placed)
PASS closed_at: null only while open; every terminal authorization carries it
PASS closed_at never before created_at (a hold cannot be released before it is placed)
PASS closed_at: null only while open; every terminal authorization carries it
PASS closed_at never before created_at (a hold cannot be released before it is placed)
PASS closed_at: null only while open; every terminal authorization carries it
PASS closed_at never before created_at (a hold cannot be released before it is placed)
PASS closed_at: null only while open; every terminal authorization carries it
PASS closed_at never before created_at (a hold cannot be released before it is placed)
PASS closed_at: null only while open; every terminal authorization carries it
PASS closed_at never before created_at (a hold cannot be released before it is placed)
PASS closed_at: null only while open; every terminal authorization carries it
PASS closed_at never before created_at (a hold cannot be released before it is placed)
PASS closed_at: null only while open; every terminal authorization carries it
PASS closed_at never before created_at (a hold cannot be released before it is placed)
PASS closed_at: null only while open; every terminal authorization carries it
PASS closed_at never before created_at (a hold cannot be released before it is placed)
PASS closed_at: null only while open; every terminal authorization carries it
PASS closed_at never before created_at (a hold cannot be released before it is placed)
PASS closed_at: null only while open; every terminal authorization carries it
PASS closed_at never before created_at (a hold cannot be released before it is placed)
PASS closed_at: null only while open; every terminal authorization carries it
PASS closed_at never before created_at (a hold cannot be released before it is placed)
PASS closed_at: null only while open; every terminal authorization carries it
PASS closed_at never before created_at (a hold cannot be released before it is placed)
PASS closed_at: null only while open; every terminal authorization carries it
PASS closed_at never before created_at (a hold cannot be released before it is placed)
INFO closed_at vs capture created_at differences: 0 []
FAIL 780 historical views (195 instants x 4 users): invariants, oracle equality, echo, conservation; first bad: [('invariant', 'ada', '2026-10-02T22:26:35.000000+00:00', (3000, 5400, -2400, 3000)), ('invariant', 'dee', '2026-10-02T22:26:35.000000+00:00', (5000, 7600, -2600, 5000))] :: [('invariant', 'ada', '2026-10-02T22:26:35.000000+00:00', (3000, 5400, -2400, 3000)), ('invariant', 'dee', '2026-10-02T22:26:35.000000+00:00', (5000, 7600, -2600, 5000)), ('invariant', 'ada', '2026-10-02T22:26:35.000001+00:00', (3000, 5400, -2400, 3000)), ('invariant', 'dee', '2026-10-02T22:26:35.000001+00:00', (5000, 7600, -2600, 5000))]
FAIL no view anywhere had available < 0 :: 351
PASS ada current /me == /me?as_of=now&known_at=now (money fields)
PASS ada statement closing_balance == /me.total
PASS bob current /me == /me?as_of=now&known_at=now (money fields)
PASS bob statement closing_balance == /me.total
PASS cy current /me == /me?as_of=now&known_at=now (money fields)
PASS cy statement closing_balance == /me.total
PASS dee current /me == /me?as_of=now&known_at=now (money fields)
PASS dee statement closing_balance == /me.total
INFO host wall-clock steps seen during this run: []
== r3_sweep seed 1 (50 payments, 35 authorizations): 115 pass, 3 fail, 965 requests, 0 5xx, max latency 0.011s, p99 0.001s
FAILED: ['every payment/authorization created_at lies within its own request window (+-30 ms): one wall clock, no ratchet', "780 historical views (195 instants x 4 users): invariants, oracle equality, echo, conservation; first bad: [('invariant', 'ada', '2026-10-02T22:26:35.000000+00:00', (3000, 5400, -2400, 3000)), ('invariant', 'dee', '2026-10-02T22:26:35.000000+00:00', (5000, 7600, -2600, 5000))]", 'no view anywhere had available < 0']
rc=1
