$ docker run --rm --network df-run-9286bb9113664b3485bcde139e4324bf -v /mnt/d/project/dolphin-tank/dark-factory-wearedevs:/work:ro -v /mnt/d/project/dolphin-tank/band-work/checks/s3-5e6f83f-jury1/stage-2:/out -e PYTHONDONTWRITEBYTECODE=1 -e PYTEST_DISABLE_PLUGIN_AUTOLOAD=1 -e COLUMNS=200 -w /work df-harness-runner python -m pytest pocketful/test/stage_3 --base-url http://df-svc-91d7c8a3dce4:8080 -p harness.plugin --rootdir pocketful/test -q -x --previous-base-url http://df-svc-91d7c8a3dce4:8080 --harness-summary /out/stage-3.counts.json

..F
=============================================================================================== FAILURES ===============================================================================================
___________________________________________________________________________ test_as_of_in_the_future_is_the_current_balance ____________________________________________________________________________

world = namespace(fixture={'currency': 'EUR', 'minor_units': 2, 'users': [{'id': 'u_ada', 'email': 'ada@example.com', 'passwor...ct at 0x7f3efde8e7e0>, bob=<harness.http.Api object at 0x7f3efd1d3da0>, cy=<harness.http.Api object at 0x7f3efd1d5940>)
balance = <function balance.<locals>._balance at 0x7f3efd079300>

    def test_as_of_in_the_future_is_the_current_balance(world, balance):
        now = dt.datetime.now(dt.timezone.utc)
        later = (now + dt.timedelta(hours=1)).isoformat()
        body = assert_status(world.ada.get("/me", params={"as_of": later}), 200).json()
        assert body["balance"] == balance(world.ada)
>       assert body["as_of"] == later
               ^^^^^^^^^^^^^
E       KeyError: 'as_of'

pocketful/test/stage_3/test_sample.py:35: KeyError
=========================================================================================== warnings summary ===========================================================================================
../usr/local/lib/python3.12/site-packages/_pytest/cacheprovider.py:469
  /usr/local/lib/python3.12/site-packages/_pytest/cacheprovider.py:469: PytestCacheWarning: could not create cache path /work/pocketful/test/.pytest_cache/v/cache/nodeids: [Errno 30] Read-only file system: '/work/pocketful/test/pytest-cache-files-u1fzite2'
    config.cache.set("cache/nodeids", sorted(self.cached_nodeids))

../usr/local/lib/python3.12/site-packages/_pytest/cacheprovider.py:423
  /usr/local/lib/python3.12/site-packages/_pytest/cacheprovider.py:423: PytestCacheWarning: could not create cache path /work/pocketful/test/.pytest_cache/v/cache/lastfailed: [Errno 30] Read-only file system: '/work/pocketful/test/pytest-cache-files-rqdv1y3l'
    config.cache.set("cache/lastfailed", self.lastfailed)

-- Docs: https://docs.pytest.org/en/stable/how-to/capture-warnings.html
======================================================================================= short test summary info ========================================================================================
FAILED pocketful/test/stage_3/test_sample.py::test_as_of_in_the_future_is_the_current_balance - KeyError: 'as_of'
!!!!!!!!!!!!!!!!!!!!!!!!!!!!!!!!!!!!!!!!!!!!!!!!!!!!!!!!!!!!!!!!!!!!!!!!!!!!!!!!!!!!!! stopping after 1 failures !!!!!!!!!!!!!!!!!!!!!!!!!!!!!!!!!!!!!!!!!!!!!!!!!!!!!!!!!!!!!!!!!!!!!!!!!!!!!!!!!!!!!!!
1 failed, 2 passed, 2 warnings in 0.56s

