PASS one clock: expires_at - created_at == ttl exactly (2 s), same precision
PASS one clock: expires_at - created_at == ttl exactly (2 s), same precision
PASS one clock: expires_at - created_at == ttl exactly (2 s), same precision
PASS one clock: expires_at - created_at == ttl exactly (2 s), same precision
PASS one clock: expires_at - created_at == ttl exactly (2 s), same precision
PASS one clock: expires_at - created_at == ttl exactly (2 s), same precision
PASS one clock: expires_at - created_at == ttl exactly (2 s), same precision
PASS one clock: expires_at - created_at == ttl exactly (2 s), same precision
PASS one clock: expires_at - created_at == ttl exactly (2 s), same precision
PASS one clock: expires_at - created_at == ttl exactly (2 s), same precision
PASS one clock: expires_at - created_at == ttl exactly (2 s), same precision
PASS one clock: expires_at - created_at == ttl exactly (2 s), same precision
PASS one clock: expires_at - created_at == ttl exactly (2 s), same precision
PASS one clock: expires_at - created_at == ttl exactly (2 s), same precision
PASS one clock: expires_at - created_at == ttl exactly (2 s), same precision
PASS one clock: expires_at - created_at == ttl exactly (2 s), same precision
PASS one clock: expires_at - created_at == ttl exactly (2 s), same precision
PASS one clock: expires_at - created_at == ttl exactly (2 s), same precision
PASS one clock: expires_at - created_at == ttl exactly (2 s), same precision
PASS one clock: expires_at - created_at == ttl exactly (2 s), same precision
PASS one clock: expires_at - created_at == ttl exactly (2 s), same precision
PASS one clock: expires_at - created_at == ttl exactly (2 s), same precision
PASS one clock: expires_at - created_at == ttl exactly (2 s), same precision
PASS one clock: expires_at - created_at == ttl exactly (2 s), same precision
PASS one clock: expires_at - created_at == ttl exactly (2 s), same precision
PASS one clock: expires_at - created_at == ttl exactly (2 s), same precision
PASS one clock: expires_at - created_at == ttl exactly (2 s), same precision
PASS one clock: expires_at - created_at == ttl exactly (2 s), same precision
PASS one clock: expires_at - created_at == ttl exactly (2 s), same precision
PASS one clock: expires_at - created_at == ttl exactly (2 s), same precision
PASS one clock: expires_at - created_at == ttl exactly (2 s), same precision
PASS one clock: expires_at - created_at == ttl exactly (2 s), same precision
PASS one clock: expires_at - created_at == ttl exactly (2 s), same precision
PASS one clock: expires_at - created_at == ttl exactly (2 s), same precision
PASS one clock: expires_at - created_at == ttl exactly (2 s), same precision
PASS phase 1 produced a useful mix (>=20 payments, >=15 authorizations, >=3 captures)
PASS every payment/authorization created_at lies within its own request window (+-30 ms): one wall clock, no ratchet
PASS every authorization is visible to its sender
PASS closed_at: null only while open; every terminal authorization carries it
PASS closed_at never before created_at (a hold cannot be released before it is placed)
PASS closed_at: null only while open; every terminal authorization carries it
PASS closed_at never before created_at (a hold cannot be released before it is placed)
PASS closed_at: null only while open; every terminal authorization carries it
PASS closed_at never before created_at (a hold cannot be released before it is placed)
PASS closed_at: null only while open; every terminal authorization carries it
PASS closed_at never before created_at (a hold cannot be released before it is placed)
PASS closed_at: null only while open; every terminal authorization carries it
PASS closed_at never before created_at (a hold cannot be released before it is placed)
PASS closed_at: null only while open; every terminal authorization carries it
PASS closed_at never before created_at (a hold cannot be released before it is placed)
PASS closed_at: null only while open; every terminal authorization carries it
PASS closed_at never before created_at (a hold cannot be released before it is placed)
PASS closed_at: null only while open; every terminal authorization carries it
PASS closed_at never before created_at (a hold cannot be released before it is placed)
PASS closed_at: null only while open; every terminal authorization carries it
PASS closed_at never before created_at (a hold cannot be released before it is placed)
PASS closed_at: null only while open; every terminal authorization carries it
PASS closed_at never before created_at (a hold cannot be released before it is placed)
PASS closed_at: null only while open; every terminal authorization carries it
PASS closed_at never before created_at (a hold cannot be released before it is placed)
PASS closed_at: null only while open; every terminal authorization carries it
PASS closed_at never before created_at (a hold cannot be released before it is placed)
PASS closed_at: null only while open; every terminal authorization carries it
PASS closed_at never before created_at (a hold cannot be released before it is placed)
PASS closed_at: null only while open; every terminal authorization carries it
PASS closed_at never before created_at (a hold cannot be released before it is placed)
PASS closed_at: null only while open; every terminal authorization carries it
PASS closed_at never before created_at (a hold cannot be released before it is placed)
PASS closed_at: null only while open; every terminal authorization carries it
PASS closed_at never before created_at (a hold cannot be released before it is placed)
PASS closed_at: null only while open; every terminal authorization carries it
PASS closed_at never before created_at (a hold cannot be released before it is placed)
PASS closed_at: null only while open; every terminal authorization carries it
PASS closed_at never before created_at (a hold cannot be released before it is placed)
PASS closed_at: null only while open; every terminal authorization carries it
PASS closed_at never before created_at (a hold cannot be released before it is placed)
PASS closed_at: null only while open; every terminal authorization carries it
PASS closed_at never before created_at (a hold cannot be released before it is placed)
PASS closed_at: null only while open; every terminal authorization carries it
PASS closed_at never before created_at (a hold cannot be released before it is placed)
PASS closed_at: null only while open; every terminal authorization carries it
PASS closed_at never before created_at (a hold cannot be released before it is placed)
PASS closed_at: null only while open; every terminal authorization carries it
PASS closed_at never before created_at (a hold cannot be released before it is placed)
PASS closed_at: null only while open; every terminal authorization carries it
PASS closed_at never before created_at (a hold cannot be released before it is placed)
PASS closed_at: null only while open; every terminal authorization carries it
PASS closed_at never before created_at (a hold cannot be released before it is placed)
PASS closed_at: null only while open; every terminal authorization carries it
PASS closed_at never before created_at (a hold cannot be released before it is placed)
PASS closed_at: null only while open; every terminal authorization carries it
PASS closed_at never before created_at (a hold cannot be released before it is placed)
PASS closed_at: null only while open; every terminal authorization carries it
PASS closed_at never before created_at (a hold cannot be released before it is placed)
PASS closed_at: null only while open; every terminal authorization carries it
PASS closed_at never before created_at (a hold cannot be released before it is placed)
PASS closed_at: null only while open; every terminal authorization carries it
PASS closed_at never before created_at (a hold cannot be released before it is placed)
PASS closed_at: null only while open; every terminal authorization carries it
PASS closed_at never before created_at (a hold cannot be released before it is placed)
PASS closed_at: null only while open; every terminal authorization carries it
PASS closed_at never before created_at (a hold cannot be released before it is placed)
PASS closed_at: null only while open; every terminal authorization carries it
PASS closed_at never before created_at (a hold cannot be released before it is placed)
PASS closed_at: null only while open; every terminal authorization carries it
PASS closed_at never before created_at (a hold cannot be released before it is placed)
PASS closed_at: null only while open; every terminal authorization carries it
PASS closed_at never before created_at (a hold cannot be released before it is placed)
INFO closed_at vs capture created_at differences: 0 []
PASS 1596 historical views (399 instants x 4 users): invariants, oracle equality, echo, conservation; first bad: []
PASS no view anywhere had available < 0
PASS ada current /me == /me?as_of=now&known_at=now (money fields)
PASS ada statement closing_balance == /me.total
PASS bob current /me == /me?as_of=now&known_at=now (money fields)
PASS bob statement closing_balance == /me.total
PASS cy current /me == /me?as_of=now&known_at=now (money fields)
PASS cy statement closing_balance == /me.total
PASS dee current /me == /me?as_of=now&known_at=now (money fields)
PASS dee statement closing_balance == /me.total
INFO host wall-clock steps seen during this run: [('08:14:59.242434', 4.4), ('08:14:59.243507', -12.9), ('08:14:59.259075', -14.9), ('08:14:59.273794', -13.9), ('08:14:59.290300', -14.7), ('08:14:59.305476', -15.0), ('08:14:59.320830', -14.4), ('08:14:59.336830', -14.9), ('08:14:59.352180', -14.8), ('08:14:59.367972', -13.8), ('08:14:59.383297', -14.8), ('08:14:59.399088', -13.9), ('08:14:59.414870', -14.3), ('08:14:59.430284', -14.9), ('08:14:59.446052', -14.0), ('08:14:59.461900', -14.8), ('08:14:59.477260', -14.5), ('08:14:59.492895', -14.0), ('08:14:59.509080', -15.0), ('08:14:59.524036', -14.0), ('08:14:59.540766', -14.6), ('08:14:59.555387', -15.0), ('08:14:59.570758', -14.0), ('08:14:59.586660', -15.0), ('08:14:59.602564', -15.0), ('08:14:59.614563', 2.4), ('08:14:59.617659', -14.0), ('08:14:59.633576', -15.0), ('08:14:59.649515', -14.0), ('08:14:59.664448', -14.9), ('08:14:59.680509', -15.0), ('08:14:59.696301', -14.0), ('08:14:59.711716', -15.1), ('08:14:59.727910', -15.0), ('08:14:59.743424', -14.0), ('08:14:59.758329', -14.0), ('08:14:59.774273', -14.0), ('08:14:59.789448', -15.0), ('08:14:59.806005', -15.0), ('08:14:59.820742', -14.0), ('08:14:59.836424', -15.0), ('08:14:59.852198', -15.0), ('08:14:59.855361', 2.1), ('08:14:59.868481', -14.0), ('08:14:59.884341', -14.8), ('08:14:59.899445', -14.3), ('08:14:59.914760', -15.0), ('08:14:59.930738', -15.2), ('08:14:59.945891', -13.9), ('08:14:59.962379', -13.2), ('08:14:59.977944', -15.0), ('08:14:59.993495', -14.0), ('08:15:00.008506', -15.0), ('08:15:00.024456', -14.3), ('08:15:00.039955', -15.0), ('08:15:00.055276', -15.0), ('08:15:00.071113', -13.9), ('08:15:00.086373', -15.0), ('08:15:00.102293', -15.0), ('08:15:00.118443', -14.0), ('08:15:00.133253', -15.0), ('08:15:00.149747', -13.8), ('08:15:00.165212', -15.0), ('08:15:00.180312', -15.0), ('08:15:00.196293', -14.0), ('08:15:00.212151', -15.0), ('08:15:00.227166', -15.1), ('08:15:00.242543', -13.8), ('08:15:00.258464', -15.0), ('08:15:00.274165', -13.9), ('08:15:00.290587', -14.7), ('08:15:00.305492', -14.8), ('08:15:00.320980', -14.0), ('08:15:00.336661', -15.0), ('08:15:00.352816', -15.1), ('08:15:00.368138', -14.0), ('08:15:00.384145', -14.6), ('08:15:00.398825', -13.9), ('08:15:00.414931', -14.9), ('08:15:00.430088', -15.0), ('08:15:00.446415', -13.7), ('08:15:00.461641', -14.9), ('08:15:00.477894', -15.0), ('08:15:00.492783', -13.9), ('08:15:00.508830', -15.0), ('08:15:00.524326', -14.3), ('08:15:00.540254', -15.0), ('08:15:00.554875', 2.1), ('08:15:00.555906', -15.0), ('08:15:00.570806', -13.7), ('08:15:00.586301', -15.0), ('08:15:00.602877', -15.0), ('08:15:00.618091', -14.0), ('08:15:00.633663', -15.0), ('08:15:00.649307', -14.3), ('08:15:00.665202', -15.0), ('08:15:00.680168', -15.0), ('08:15:00.696043', -14.0), ('08:15:00.711761', -15.4), ('08:15:00.727273', -14.9), ('08:15:00.742640', -14.1), ('08:15:00.758725', -14.9), ('08:15:00.774234', -14.0), ('08:15:00.790160', -15.0), ('08:15:00.805115', -15.0), ('08:15:00.821262', -14.0), ('08:15:00.836344', -15.0), ('08:15:00.852003', -14.7), ('08:15:00.867994', -14.0), ('08:15:00.883397', -15.0), ('08:15:00.899295', -14.2), ('08:15:00.914676', -15.0), ('08:15:00.930057', -15.0), ('08:15:00.946653', -14.0), ('08:15:00.961819', -14.8), ('08:15:00.966008', 3.2), ('08:15:00.977375', -14.8), ('08:15:00.993335', -14.0), ('08:15:01.008688', -15.0), ('08:15:01.024273', -14.0), ('08:15:01.040310', -15.0), ('08:15:01.055723', -15.0), ('08:15:01.071375', -13.8), ('08:15:01.086726', -15.0), ('08:15:01.102370', -15.0), ('08:15:01.118087', -14.0), ('08:15:01.133418', -15.0), ('08:15:01.149292', -14.1), ('08:15:01.164645', -15.1), ('08:15:01.180277', -15.0), ('08:15:01.195745', -14.0), ('08:15:01.211706', -15.0), ('08:15:01.227232', -14.9), ('08:15:01.243451', -14.0), ('08:15:01.259559', -14.5), ('08:15:01.274936', -13.5), ('08:15:01.290149', -15.0), ('08:15:01.305167', -15.5), ('08:15:01.321574', -14.0), ('08:15:01.337439', -14.8), ('08:15:01.352822', -15.0), ('08:15:01.367571', -14.0), ('08:15:01.383787', -14.9), ('08:15:01.399452', -14.1), ('08:15:01.415149', -14.9), ('08:15:01.430259', -15.0), ('08:15:01.446243', -14.0), ('08:15:01.461685', -14.7), ('08:15:01.477824', -15.0), ('08:15:01.493346', -14.0), ('08:15:01.508450', -15.0), ('08:15:01.524105', -13.9), ('08:15:01.540150', -15.0), ('08:15:01.555593', -15.0), ('08:15:01.571102', -14.0), ('08:15:01.586845', -15.4), ('08:15:01.602653', -15.2), ('08:15:01.617778', -14.0), ('08:15:01.633379', -15.0), ('08:15:01.649265', -14.0), ('08:15:01.665399', -15.0), ('08:15:01.680364', -15.0), ('08:15:01.696231', -14.0), ('08:15:01.711648', -15.0), ('08:15:01.727172', -15.0), ('08:15:01.743121', -14.0), ('08:15:01.759046', -15.0), ('08:15:01.774458', -14.0), ('08:15:01.789599', -15.0), ('08:15:01.805529', -15.0), ('08:15:01.821007', -14.0), ('08:15:01.836385', -15.0), ('08:15:01.852744', -15.0), ('08:15:01.868094', -14.0), ('08:15:01.883314', -14.7), ('08:15:01.899229', -14.0), ('08:15:01.915398', -14.9), ('08:15:01.930613', -15.0), ('08:15:01.946152', -14.0), ('08:15:01.961327', -15.0), ('08:15:01.969347', 7.2), ('08:15:01.977128', -15.0), ('08:15:01.993419', -13.8), ('08:15:02.008847', -13.8), ('08:15:02.024823', -13.8), ('08:15:02.040734', -12.9), ('08:15:02.056010', -15.0), ('08:15:02.071702', -14.0), ('08:15:02.074831', 2.1), ('08:15:02.086635', -15.4), ('08:15:02.102792', -14.5), ('08:15:02.118196', -13.7), ('08:15:02.133700', -15.0), ('08:15:02.149075', -14.0), ('08:15:02.164623', -15.0), ('08:15:02.180052', -15.0), ('08:15:02.195998', -14.0), ('08:15:02.211641', -14.9), ('08:15:02.227848', -15.0), ('08:15:02.243014', -14.0), ('08:15:02.258616', -15.0), ('08:15:02.274114', -14.3), ('08:15:02.289702', -15.0), ('08:15:02.305229', -15.0), ('08:15:02.321136', -13.8), ('08:15:02.336733', -15.4), ('08:15:02.352152', -15.0), ('08:15:02.368277', -14.0), ('08:15:02.383455', -14.9), ('08:15:02.399608', -13.8), ('08:15:02.414731', -14.9), ('08:15:02.430827', -14.7), ('08:15:02.446358', -14.0), ('08:15:02.461657', -15.3), ('08:15:02.477011', -15.0), ('08:15:02.492991', -14.0), ('08:15:02.508721', -15.1), ('08:15:02.524076', -14.3), ('08:15:02.539673', -15.0), ('08:15:02.555892', -15.0), ('08:15:02.570885', -14.0), ('08:15:02.587162', -14.8), ('08:15:02.602572', -15.0), ('08:15:02.617786', -14.0), ('08:15:02.633491', -14.8), ('08:15:02.648973', -14.0), ('08:15:02.665117', -14.9), ('08:15:02.680304', -15.0), ('08:15:02.696067', -14.0), ('08:15:02.711301', -15.2), ('08:15:02.727203', -15.0), ('08:15:02.742660', -13.8), ('08:15:02.758670', -15.0), ('08:15:02.774350', -14.1), ('08:15:02.789721', -14.9), ('08:15:02.805487', -15.0), ('08:15:02.820926', -14.0), ('08:15:02.836635', -14.8), ('08:15:02.852642', -15.0), ('08:15:02.868551', -14.0), ('08:15:02.884366', -14.8), ('08:15:02.899368', -14.1), ('08:15:02.915416', -15.0), ('08:15:02.930507', -15.0), ('08:15:02.945717', -13.9), ('08:15:02.964288', -12.1), ('08:15:02.977270', -15.0), ('08:15:02.992710', -14.2), ('08:15:03.008466', -15.0), ('08:15:03.024064', -14.1), ('08:15:03.040188', -14.9), ('08:15:03.055370', -14.9), ('08:15:03.070987', -14.0), ('08:15:03.086547', -15.0), ('08:15:03.102629', -15.0), ('08:15:03.118327', -14.0), ('08:15:03.133858', -15.0), ('08:15:03.149037', -14.3), ('08:15:03.164980', -15.0), ('08:15:03.180827', -15.0), ('08:15:03.196470', -14.0), ('08:15:03.211483', -15.4), ('08:15:03.227350', -15.0), ('08:15:03.242976', -14.0), ('08:15:03.258814', -15.0), ('08:15:03.274561', -14.0), ('08:15:03.289451', -14.9), ('08:15:03.305787', -15.0), ('08:15:03.321145', -14.3), ('08:15:03.337120', -14.9), ('08:15:03.352493', -15.0), ('08:15:03.368030', -14.0), ('08:15:03.384135', -15.0), ('08:15:03.398829', -14.0), ('08:15:03.414553', -15.0), ('08:15:03.430111', -14.9), ('08:15:03.446833', -13.8), ('08:15:03.461397', -15.0), ('08:15:03.477167', -15.3), ('08:15:03.493343', -14.0), ('08:15:03.508906', -14.9), ('08:15:03.524548', -14.1), ('08:15:03.539858', -15.0), ('08:15:03.555609', -15.0), ('08:15:03.571316', -13.9), ('08:15:03.586413', -14.9), ('08:15:03.602503', -15.0), ('08:15:03.618471', -14.0), ('08:15:03.633338', -15.0), ('08:15:03.649549', -14.0), ('08:15:03.664885', -15.1), ('08:15:03.680866', -15.0), ('08:15:03.696300', -14.0), ('08:15:03.712275', -14.9), ('08:15:03.727311', -14.8), ('08:15:03.743239', -14.1), ('08:15:03.758396', -15.0), ('08:15:03.773905', -14.0), ('08:15:03.789893', -15.0), ('08:15:03.805321', -15.4), ('08:15:03.821536', -14.0), ('08:15:03.836404', -15.1), ('08:15:03.852625', -15.0), ('08:15:03.868490', -14.0), ('08:15:03.884022', -14.9), ('08:15:03.899745', -14.0), ('08:15:03.914515', -15.0), ('08:15:03.930872', -15.0), ('08:15:03.945940', -14.1), ('08:15:03.961526', -15.2), ('08:15:03.977096', -15.0), ('08:15:03.993340', -14.0), ('08:15:04.008797', -15.0), ('08:15:04.024030', -14.4), ('08:15:04.040023', -15.0), ('08:15:04.055901', -15.0), ('08:15:04.071290', -14.0), ('08:15:04.086388', -15.2), ('08:15:04.102314', -15.0), ('08:15:04.118053', -14.0), ('08:15:04.133399', -14.9), ('08:15:04.149886', -13.8), ('08:15:04.165399', -15.0), ('08:15:04.180238', -15.0), ('08:15:04.195917', -14.0), ('08:15:04.211365', -15.2), ('08:15:04.226922', -15.0), ('08:15:04.242944', -14.0), ('08:15:04.259046', -15.0), ('08:15:04.274009', -14.1), ('08:15:04.289795', -15.0), ('08:15:04.305872', -15.0), ('08:15:04.321187', -13.5), ('08:15:04.336399', -15.3), ('08:15:04.352239', -15.0), ('08:15:04.368119', -13.9), ('08:15:04.383541', -15.0), ('08:15:04.398951', -14.2), ('08:15:04.414905', -15.0), ('08:15:04.430775', -15.0), ('08:15:04.445954', -14.0), ('08:15:04.461326', -15.4), ('08:15:04.477900', -14.9), ('08:15:04.493208', -14.0), ('08:15:04.509069', -15.0), ('08:15:04.524399', -14.4), ('08:15:04.539839', -15.0), ('08:15:04.555333', -15.0), ('08:15:04.570686', -14.0), ('08:15:04.586358', -15.3), ('08:15:04.602444', -15.0), ('08:15:04.617864', -14.0), ('08:15:04.633663', -15.0), ('08:15:04.648859', -13.9), ('08:15:04.664526', -14.9), ('08:15:04.680923', -14.9), ('08:15:04.696099', -14.0), ('08:15:04.711389', -15.1), ('08:15:04.727630', -15.1), ('08:15:04.743420', -14.0), ('08:15:04.758312', -14.9), ('08:15:04.774386', -14.1), ('08:15:04.790384', -15.0), ('08:15:04.805716', -14.9), ('08:15:04.821184', -14.2), ('08:15:04.836901', -15.0), ('08:15:04.852254', -14.9), ('08:15:04.868102', -13.6), ('08:15:04.883960', -15.0), ('08:15:04.898353', 3.1), ('08:15:04.899722', -13.6), ('08:15:04.915123', -15.0), ('08:15:04.930442', -15.4), ('08:15:04.946557', -14.0), ('08:15:04.961917', -14.9), ('08:15:04.965241', 2.3), ('08:15:04.977162', -15.2), ('08:15:04.992938', -14.0), ('08:15:05.009362', -14.8), ('08:15:05.024406', -14.3), ('08:15:05.040198', -15.0), ('08:15:05.055978', -15.0), ('08:15:05.071236', -13.9), ('08:15:05.086300', -15.3), ('08:15:05.102279', -15.0), ('08:15:05.117765', -13.5), ('08:15:05.133995', -15.0), ('08:15:05.148875', -14.1), ('08:15:05.164997', -14.8), ('08:15:05.180149', -15.2), ('08:15:05.196088', -14.0), ('08:15:05.211774', -15.2), ('08:15:05.227333', -15.0), ('08:15:05.242984', -13.9), ('08:15:05.258604', -15.0), ('08:15:05.274781', -14.0), ('08:15:05.289613', -15.0), ('08:15:05.305607', -15.0), ('08:15:05.321569', -13.6), ('08:15:05.336729', -15.2), ('08:15:05.352256', -15.0), ('08:15:05.368465', -14.0), ('08:15:05.383645', -15.0), ('08:15:05.399281', -14.4), ('08:15:05.414751', -14.9), ('08:15:05.430148', -15.0), ('08:15:05.446381', -14.0), ('08:15:05.461782', -14.9), ('08:15:05.476929', -15.0), ('08:15:05.492587', -14.0), ('08:15:05.508562', -14.9), ('08:15:05.524832', -13.7), ('08:15:05.540173', -15.0), ('08:15:05.555285', -15.0), ('08:15:05.571589', -13.5), ('08:15:05.587320', -14.9), ('08:15:05.602209', -15.0), ('08:15:05.617765', -14.0), ('08:15:05.633558', -14.9), ('08:15:05.649817', -14.0), ('08:15:05.664539', -15.0), ('08:15:05.680969', -14.9), ('08:15:05.696301', -13.9), ('08:15:05.711707', -14.7), ('08:15:05.727550', -15.0), ('08:15:05.742996', -14.0), ('08:15:05.758768', -15.0), ('08:15:05.774270', -14.5), ('08:15:05.789828', -15.0), ('08:15:05.805734', -15.0), ('08:15:05.821609', -14.0), ('08:15:05.837235', -14.9), ('08:15:05.852922', -15.0), ('08:15:05.868179', -14.0), ('08:15:05.884060', -15.0), ('08:15:05.899173', -14.0), ('08:15:05.914792', -14.9), ('08:15:05.930304', -15.3), ('08:15:05.946299', -13.9), ('08:15:05.961768', -15.2), ('08:15:05.972175', 2.4), ('08:15:05.977209', -15.0), ('08:15:05.993044', -14.4), ('08:15:06.009019', -15.0), ('08:15:06.024367', -14.3), ('08:15:06.040229', -14.6), ('08:15:06.055233', -15.0), ('08:15:06.071533', -14.0), ('08:15:06.086744', -15.0), ('08:15:06.092808', 5.0), ('08:15:06.098171', 5.4), ('08:15:06.101543', 3.4), ('08:15:06.108087', -9.5), ('08:15:06.117563', -14.0), ('08:15:06.133934', -14.8), ('08:15:06.149731', -14.0), ('08:15:06.164643', -15.0), ('08:15:06.180628', -15.0), ('08:15:06.196146', -14.0), ('08:15:06.212172', -15.0), ('08:15:06.227478', -14.9), ('08:15:06.242733', -13.9), ('08:15:06.258506', -15.0), ('08:15:06.273929', -14.2), ('08:15:06.290113', -15.0), ('08:15:06.305967', -15.0), ('08:15:06.320723', -13.5), ('08:15:06.336945', -15.1), ('08:15:06.352225', -15.0), ('08:15:06.368505', -14.0), ('08:15:06.383316', -14.9), ('08:15:06.399660', -14.1), ('08:15:06.414721', -15.1), ('08:15:06.430428', -15.0), ('08:15:06.446579', -14.0), ('08:15:06.461860', -15.2), ('08:15:06.477497', -15.0), ('08:15:06.493255', -13.9), ('08:15:06.508486', -15.0), ('08:15:06.524248', -14.2), ('08:15:06.539663', -15.0), ('08:15:06.555926', -14.7), ('08:15:06.571247', -13.9), ('08:15:06.586794', -15.0), ('08:15:06.602089', -14.9), ('08:15:06.617903', -14.0), ('08:15:06.634037', -14.6), ('08:15:06.649724', -14.0), ('08:15:06.665011', -15.0), ('08:15:06.680137', -15.0), ('08:15:06.695685', -13.9), ('08:15:06.712069', -14.8), ('08:15:06.727374', -15.0), ('08:15:06.742611', -14.0), ('08:15:06.759134', -15.0), ('08:15:06.774651', -13.7), ('08:15:06.789581', -15.0), ('08:15:06.805273', -15.0), ('08:15:06.821156', -14.0), ('08:15:06.836623', -15.2), ('08:15:06.852687', -14.8), ('08:15:06.868119', -13.9), ('08:15:06.884148', -14.9), ('08:15:06.899584', -14.0), ('08:15:06.914483', -15.0), ('08:15:06.930738', -14.7), ('08:15:06.945903', -14.0), ('08:15:06.961403', -15.0), ('08:15:06.977152', -15.4), ('08:15:06.992743', -13.9), ('08:15:07.009047', -15.0), ('08:15:07.023973', -14.1), ('08:15:07.039435', -15.0), ('08:15:07.055381', -15.0), ('08:15:07.070709', -14.0), ('08:15:07.087181', -14.7), ('08:15:07.102886', -15.0), ('08:15:07.118022', -13.5), ('08:15:07.133204', -14.8), ('08:15:07.149506', -13.9), ('08:15:07.164457', -15.0), ('08:15:07.180710', -15.0), ('08:15:07.196162', -14.0), ('08:15:07.212173', -15.0), ('08:15:07.227412', -14.9), ('08:15:07.242635', -14.0), ('08:15:07.258599', -15.4), ('08:15:07.274154', -13.9), ('08:15:07.290011', -14.9), ('08:15:07.305075', -15.0), ('08:15:07.320863', -14.0), ('08:15:07.336703', -15.3), ('08:15:07.352551', -15.0), ('08:15:07.367771', -13.8), ('08:15:07.383930', -14.9), ('08:15:07.399066', -14.2), ('08:15:07.414648', -15.0), ('08:15:07.430228', -14.9), ('08:15:07.445832', -14.0), ('08:15:07.462043', -14.9), ('08:15:07.477571', -15.0), ('08:15:07.493158', -14.0), ('08:15:07.508554', -15.0), ('08:15:07.524135', -14.1), ('08:15:07.539856', -15.0), ('08:15:07.555537', -15.0), ('08:15:07.571026', -14.0), ('08:15:07.586768', -15.2), ('08:15:07.602893', -14.9), ('08:15:07.618457', -14.0), ('08:15:07.633583', -14.9), ('08:15:07.649034', -13.9), ('08:15:07.664557', -15.0), ('08:15:07.680543', -14.9), ('08:15:07.696110', -14.0), ('08:15:07.711725', -15.0), ('08:15:07.727122', -14.8), ('08:15:07.740530', 2.0), ('08:15:07.743418', -14.0), ('08:15:07.758273', -15.0), ('08:15:07.774491', -14.0), ('08:15:07.790073', -14.7), ('08:15:07.805833', -14.9), ('08:15:07.821358', -13.5), ('08:15:07.836693', -15.0), ('08:15:07.852359', -14.9), ('08:15:07.868041', -13.6), ('08:15:07.884984', -14.2), ('08:15:07.899587', -12.9), ('08:15:07.914518', -14.9), ('08:15:07.930463', -15.0), ('08:15:07.945982', -13.9), ('08:15:07.961871', -15.0), ('08:15:07.977414', -15.0), ('08:15:07.992592', -14.0), ('08:15:08.008548', -15.0), ('08:15:08.024516', -13.9), ('08:15:08.040441', -15.0), ('08:15:08.055354', -15.0), ('08:15:08.070875', -14.0), ('08:15:08.086958', -14.5), ('08:15:08.102127', -14.6), ('08:15:08.117797', -14.0), ('08:15:08.133393', -15.0), ('08:15:08.149358', -14.0), ('08:15:08.164833', -14.9), ('08:15:08.180557', -15.0), ('08:15:08.195683', -13.8), ('08:15:08.212022', -15.0), ('08:15:08.227384', -15.0), ('08:15:08.243378', -12.7), ('08:15:08.258672', -15.3), ('08:15:08.274355', -14.0), ('08:15:08.289899', -14.8), ('08:15:08.305041', -14.7), ('08:15:08.321654', -13.9), ('08:15:08.336492', -15.2), ('08:15:08.352031', -14.7), ('08:15:08.368017', -14.3), ('08:15:08.383987', -14.9), ('08:15:08.398824', -13.9), ('08:15:08.414440', -15.0), ('08:15:08.430443', -15.0), ('08:15:08.446177', -14.0), ('08:15:08.461404', -15.0), ('08:15:08.477028', -15.0), ('08:15:08.493077', -14.0), ('08:15:08.508437', -15.0), ('08:15:08.524184', -14.3), ('08:15:08.539673', -15.2), ('08:15:08.556039', -14.8), ('08:15:08.570822', -14.0), ('08:15:08.586742', -14.9), ('08:15:08.602808', -14.9), ('08:15:08.617740', -13.9), ('08:15:08.633168', -15.0), ('08:15:08.649348', -13.9), ('08:15:08.664471', -15.0), ('08:15:08.680563', -15.0), ('08:15:08.696247', -14.0), ('08:15:08.712144', -15.0), ('08:15:08.727218', -15.0), ('08:15:08.742897', -14.4), ('08:15:08.755308', 2.4), ('08:15:08.758879', -15.2), ('08:15:08.774381', -13.8), ('08:15:08.789889', -14.9), ('08:15:08.805885', -15.0), ('08:15:08.821377', -14.0), ('08:15:08.836818', -15.0), ('08:15:08.852611', -14.6), ('08:15:08.868099', -13.9), ('08:15:08.883536', -15.0), ('08:15:08.898864', -14.2), ('08:15:08.915123', -15.0), ('08:15:08.930197', -15.4), ('08:15:08.946372', -14.0), ('08:15:08.961367', -15.0), ('08:15:08.977352', -15.4), ('08:15:08.992852', -14.0), ('08:15:09.008707', -15.0), ('08:15:09.024326', -13.8), ('08:15:09.039784', -14.8), ('08:15:09.055145', -15.0), ('08:15:09.071741', -13.6), ('08:15:09.087253', -15.0), ('08:15:09.102334', -15.0), ('08:15:09.118678', -13.6), ('08:15:09.133886', -14.9), ('08:15:09.149310', -13.9), ('08:15:09.165200', -15.0), ('08:15:09.180392', -15.0), ('08:15:09.196255', -13.9), ('08:15:09.211779', -14.9), ('08:15:09.227153', -15.0), ('08:15:09.242829', -14.0), ('08:15:09.258190', -15.0), ('08:15:09.266423', 2.4), ('08:15:09.273932', -14.2), ('08:15:09.289917', -15.2), ('08:15:09.305425', -15.0), ('08:15:09.321192', -14.0), ('08:15:09.336713', -14.9), ('08:15:09.352289', -15.0), ('08:15:09.367883', -14.0), ('08:15:09.383534', -15.0), ('08:15:09.399094', -14.0), ('08:15:09.415442', -14.8), ('08:15:09.430053', -15.0), ('08:15:09.446068', -14.0), ('08:15:09.453632', 2.6), ('08:15:09.462395', -14.9), ('08:15:09.477289', -14.9), ('08:15:09.493393', -14.0), ('08:15:09.508467', -15.0), ('08:15:09.524345', -13.9), ('08:15:09.540023', -14.6), ('08:15:09.555990', -15.0), ('08:15:09.571059', -14.0), ('08:15:09.586664', -14.8), ('08:15:09.595369', 2.3), ('08:15:09.602756', -15.0), ('08:15:09.618525', -14.0), ('08:15:09.634295', -14.8), ('08:15:09.649669', -14.0), ('08:15:09.665244', -15.0), ('08:15:09.680264', -14.9), ('08:15:09.696991', -13.4), ('08:15:09.711672', -15.0), ('08:15:09.727535', -14.5), ('08:15:09.742981', -14.0), ('08:15:09.758644', -15.0), ('08:15:09.774369', -14.0), ('08:15:09.776578', 2.2), ('08:15:09.789935', -14.9), ('08:15:09.806035', -15.0), ('08:15:09.821274', -14.0), ('08:15:09.836614', -14.9), ('08:15:09.852640', -14.8), ('08:15:09.868057', -14.0), ('08:15:09.884328', -14.4), ('08:15:09.899574', -13.3), ('08:15:09.914485', -14.5), ('08:15:09.930696', -15.0), ('08:15:09.946235', -13.7), ('08:15:09.961597', -15.0), ('08:15:09.977672', -14.9), ('08:15:09.992637', -14.0), ('08:15:10.008686', -15.5), ('08:15:10.024256', -13.7), ('08:15:10.039565', -15.0), ('08:15:10.055337', -15.0), ('08:15:10.071571', -13.5), ('08:15:10.086830', -14.8), ('08:15:10.102802', -15.0), ('08:15:10.117621', -13.9), ('08:15:10.127602', 2.4), ('08:15:10.134091', -14.7), ('08:15:10.149183', -14.0), ('08:15:10.165233', -15.0), ('08:15:10.180745', -15.0), ('08:15:10.196488', -13.9), ('08:15:10.211582', -15.0), ('08:15:10.227452', -15.0), ('08:15:10.242981', -14.0), ('08:15:10.258368', -15.4), ('08:15:10.274741', -14.0), ('08:15:10.290242', -14.7), ('08:15:10.305600', -15.0), ('08:15:10.321416', -14.0), ('08:15:10.336441', -14.9), ('08:15:10.352482', -15.0), ('08:15:10.368178', -14.0), ('08:15:10.383837', -15.0), ('08:15:10.399590', -14.0), ('08:15:10.414746', -15.3), ('08:15:10.430912', -15.0), ('08:15:10.445928', -14.4), ('08:15:10.461574', -15.0), ('08:15:10.481383', -9.7), ('08:15:10.485334', 4.0), ('08:15:10.496384', -3.9), ('08:15:10.498522', 2.1), ('08:15:10.503272', 4.8), ('08:15:10.505715', 2.4), ('08:15:10.509018', -12.7), ('08:15:10.524097', -14.0), ('08:15:10.539757', -15.0), ('08:15:10.555549', -14.9), ('08:15:10.571563', -13.7), ('08:15:10.586313', -14.9), ('08:15:10.600452', 2.1), ('08:15:10.602432', -14.0), ('08:15:10.617574', -14.0), ('08:15:10.633881', -15.2), ('08:15:10.650573', -12.1), ('08:15:10.665077', -15.0), ('08:15:10.675891', 3.0), ('08:15:10.681016', -15.0), ('08:15:10.695850', -14.0), ('08:15:10.711568', -14.8), ('08:15:10.727501', -15.0), ('08:15:10.744230', -13.1), ('08:15:10.758536', -15.0), ('08:15:10.774537', -14.0), ('08:15:10.790954', -13.9), ('08:15:10.805405', -15.0), ('08:15:10.821077', -14.0), ('08:15:10.836447', -14.5), ('08:15:10.852446', -15.0), ('08:15:10.867803', -14.0), ('08:15:10.883930', -14.9), ('08:15:10.899051', -13.9), ('08:15:10.915076', -14.9), ('08:15:10.930346', -15.0), ('08:15:10.954535', -3.4), ('08:15:10.959595', 5.1), ('08:15:10.967321', -8.3), ('08:15:10.970539', 2.1), ('08:15:10.974429', 3.9), ('08:15:10.977298', -13.1), ('08:15:10.985383', 2.5), ('08:15:10.993237', -14.0), ('08:15:11.005212', 2.0), ('08:15:11.008182', -15.0), ('08:15:11.024498', -14.0), ('08:15:11.039536', -15.0), ('08:15:11.055112', -15.0), ('08:15:11.071426', -14.0), ('08:15:11.087198', -14.9), ('08:15:11.102605', -14.9), ('08:15:11.118327', -14.0), ('08:15:11.133921', -14.8)]
== r3_sweep seed 1 (50 payments, 35 authorizations): 118 pass, 0 fail, 1781 requests, 0 5xx, max latency 0.040s, p99 0.026s
