$ docker run --rm --network df-run-f3227781956942f3a24186c214d0e059 -v /mnt/d/project/dolphin-tank/dark-factory-wearedevs:/work:ro -v /mnt/d/project/dolphin-tank/band-work/checks/s3-5e6f83f-jury1/stage-1:/out -e PYTHONDONTWRITEBYTECODE=1 -e PYTEST_DISABLE_PLUGIN_AUTOLOAD=1 -e COLUMNS=200 -w /work df-harness-runner python -m pytest pocketful/test/stage_2 --base-url http://df-svc-813b3b8c21a0:8080 -p harness.plugin --rootdir pocketful/test -q -x --previous-base-url http://df-svc-813b3b8c21a0:8080 --harness-summary /out/stage-2.counts.json

F
=============================================================================================== FAILURES ===============================================================================================
___________________________________________________________________________ test_routes_are_directly_navigable[/-pay-submit] ___________________________________________________________________________

seeded = {'currency': 'EUR', 'minor_units': 2, 'users': [{'id': 'u_ada', 'email': 'ada@example.com', 'password': 'correct horse...'id': 'u_cy', 'email': 'cy@example.com', 'password': 'correct horse', 'display_name': 'Cy', ...}], 'payments': [], ...}
page = <Page url='http://df-svc-813b3b8c21a0:8080/login'>, route = '/', anchor = 'pay-submit'

    @pytest.mark.parametrize("route,anchor", [
        ("/", "pay-submit"), ("/requests", "incoming-list"), ("/split", "split-submit"),
        ("/signup", "signup-submit"), ("/login", "login-submit"),
    ])
    def test_routes_are_directly_navigable(seeded, page, route, anchor):
>       log_in(page)

pocketful/test/stage_2/test_sample.py:61: 
_ _ _ _ _ _ _ _ _ _ _ _ _ _ _ _ _ _ _ _ _ _ _ _ _ _ _ _ _ _ _ _ _ _ _ _ _ _ _ _ _ _ _ _ _ _ _ _ _ _ _ _ _ _ _ _ _ _ _ _ _ _ _ _ _ _ _ _ _ _ _ _ _ _ _ _ _ _ _ _ _ _ _ _ _ _ _ _ _ _ _ _ _ _ _ _ _ _ _ _ 
pocketful/test/stage_2/test_sample.py:37: in log_in
    page.fill(sel("login-email"), email or fx.ADA["email"])
/usr/local/lib/python3.12/site-packages/playwright/sync_api/_generated.py:11332: in fill
    self._sync(
/usr/local/lib/python3.12/site-packages/playwright/_impl/_page.py:930: in fill
    return await self._main_frame.fill(**locals_to_params(locals()))
           ^^^^^^^^^^^^^^^^^^^^^^^^^^^^^^^^^^^^^^^^^^^^^^^^^^^^^^^^^
/usr/local/lib/python3.12/site-packages/playwright/_impl/_frame.py:637: in fill
    await self._fill(**locals_to_params(locals()))
/usr/local/lib/python3.12/site-packages/playwright/_impl/_frame.py:649: in _fill
    await self._channel.send("fill", self._timeout, locals_to_params(locals()))
/usr/local/lib/python3.12/site-packages/playwright/_impl/_connection.py:76: in send
    return await self._connection.wrap_api_call(
_ _ _ _ _ _ _ _ _ _ _ _ _ _ _ _ _ _ _ _ _ _ _ _ _ _ _ _ _ _ _ _ _ _ _ _ _ _ _ _ _ _ _ _ _ _ _ _ _ _ _ _ _ _ _ _ _ _ _ _ _ _ _ _ _ _ _ _ _ _ _ _ _ _ _ _ _ _ _ _ _ _ _ _ _ _ _ _ _ _ _ _ _ _ _ _ _ _ _ _ 

self = <playwright._impl._connection.Connection object at 0x7ad318407b30>, cb = <function Channel.send.<locals>.<lambda> at 0x7ad31839d6c0>, is_internal = False, title = None

    async def wrap_api_call(
        self, cb: Callable[[], Any], is_internal: bool = False, title: str = None
    ) -> Any:
        if self._api_zone.get():
            return await cb()
        task = asyncio.current_task(self._loop)
        parsed_st = _attach_api_call_information(
            getattr(task, "__pw_stack__", None) or _capture_stack_trace(),
            is_internal,
            title,
        )
        self._api_zone.set(parsed_st)
        try:
            return await cb()
        except Exception as error:
>           raise rewrite_error(error, f"{parsed_st['apiName']}: {error}") from None
E           playwright._impl._errors.TimeoutError: Page.fill: Timeout 10000ms exceeded.
E           Call log:
E             - waiting for locator("[data-testid='login-email']")

/usr/local/lib/python3.12/site-packages/playwright/_impl/_connection.py:632: TimeoutError
=========================================================================================== warnings summary ===========================================================================================
../usr/local/lib/python3.12/site-packages/_pytest/cacheprovider.py:469
  /usr/local/lib/python3.12/site-packages/_pytest/cacheprovider.py:469: PytestCacheWarning: could not create cache path /work/pocketful/test/.pytest_cache/v/cache/nodeids: [Errno 30] Read-only file system: '/work/pocketful/test/pytest-cache-files-v7il_urd'
    config.cache.set("cache/nodeids", sorted(self.cached_nodeids))

../usr/local/lib/python3.12/site-packages/_pytest/cacheprovider.py:423
  /usr/local/lib/python3.12/site-packages/_pytest/cacheprovider.py:423: PytestCacheWarning: could not create cache path /work/pocketful/test/.pytest_cache/v/cache/lastfailed: [Errno 30] Read-only file system: '/work/pocketful/test/pytest-cache-files-7__6477l'
    config.cache.set("cache/lastfailed", self.lastfailed)

-- Docs: https://docs.pytest.org/en/stable/how-to/capture-warnings.html
======================================================================================= short test summary info ========================================================================================
FAILED pocketful/test/stage_2/test_sample.py::test_routes_are_directly_navigable[/-pay-submit] - playwright._impl._errors.TimeoutError: Page.fill: Timeout 10000ms exceeded.
!!!!!!!!!!!!!!!!!!!!!!!!!!!!!!!!!!!!!!!!!!!!!!!!!!!!!!!!!!!!!!!!!!!!!!!!!!!!!!!!!!!!!! stopping after 1 failures !!!!!!!!!!!!!!!!!!!!!!!!!!!!!!!!!!!!!!!!!!!!!!!!!!!!!!!!!!!!!!!!!!!!!!!!!!!!!!!!!!!!!!!
1 failed, 2 warnings in 13.08s

