/b/b7_stage4.py:315: SyntaxWarning: invalid escape sequence '\s'
  if (el instanceof SVGElement && el.tagName !== 'svg') { if (cs.fill && cs.fill !== 'none' && !(el.tagName === 'path' && /^[MmLlHhVv0-9\s.,-]+$/.test(el.getAttribute('d') || ''))) add(cs.fill, 'fill ' + label(el)); if (cs.stroke && cs.stroke !== 'none') add(cs.stroke, 'stroke ' + label(el)); }
PASS B12 receiver's feed: Refund control on each received payment (p_in1 p_in2 p_in3)
PASS B12 no refund control on a payment the person SENT (p_out)
PASS B12 no refund control on a payment between others (p_oth)
PASS B12 Refund toggle starts collapsed: aria-expanded=false and panel not visible
PASS B12 refund payment appears in the refunder's feed with 'Refund of' chip
PASS B12 NO refund control on the refund payment (sender view)
PASS B12 NO refund control on the refund payment for its RECIPIENT either
PASS B12 bob (sender of every original) sees no refund control at all
PASS B12 toggle opens the panel: aria-expanded true, amount input visible
PASS B12 limit hint names amount left and recipient
PASS B12 amount defaults to what is left (30.00)
PASS B12 amount field has a visible associated label 'Refund amount'
PASS B12 success state shown (refund-success) with text
PASS B12 money moved once: ada total -1000, one refund payment of 1000 refund_of p_in2
PASS B12 refund payment shape: request_id null, authorization_id null, original note/visibility
PASS B12 wallet headline updated without reload (available 90.00 EUR)
PASS B12 panel stays open and limit now 20.00
PASS B12 one POST with an Idempotency-Key and body {amount:1000}
PASS B12 fully refunded -> 'Nothing left to refund' and the toggle is gone
PASS B12 two refunds sum to the payment: 3000
PASS B12 stale setup: default 50.00
PASS B12 refused (refund_exceeds_payment): refund-error shown, role alert, title + text
PASS B12 refused notice survives the feed rebuild; no success/uncertain shown
PASS B12 after refusal the page relearned the remainder (15.00)
PASS B12 refused write moved no money (refunds total 3500)
PASS B12 hold setup: available 5.00 EUR headline
PASS B12 refused (insufficient_funds, money on hold not spendable): text names holds
PASS B12 nothing refunded, balances unchanged
FAIL B12 uncertain [after-commit]: refund-uncertain shown (role status, 'Unconfirmed'), refund-error NOT shown :: None
Traceback (most recent call last):
  File "/b/b7_stage4.py", line 161, in <module>
    ok("B12 uncertain [%s]: text promises retry sends it once" % mode0, "retry sends the same refund once" in text(page, "refund-uncertain-p_in3"))
                                                                                                              ^^^^^^^^^^^^^^^^^^^^^^^^^^^^^^^^^^^^
  File "/b/b7_stage4.py", line 7, in text
    def text(page, t): return tid(page, t).inner_text().strip()
                              ^^^^^^^^^^^^^^^^^^^^^^^^^
  File "/usr/local/lib/python3.12/site-packages/playwright/sync_api/_generated.py", line 19603, in inner_text
    self._sync(self._impl_obj.inner_text(timeout=to_milliseconds(timeout)))
  File "/usr/local/lib/python3.12/site-packages/playwright/_impl/_sync_base.py", line 115, in _sync
    return task.result()
           ^^^^^^^^^^^^^
  File "/usr/local/lib/python3.12/site-packages/playwright/_impl/_locator.py", line 502, in inner_text
    return await self._frame.inner_text(
           ^^^^^^^^^^^^^^^^^^^^^^^^^^^^^
  File "/usr/local/lib/python3.12/site-packages/playwright/_impl/_frame.py", line 744, in inner_text
    return await self._channel.send(
           ^^^^^^^^^^^^^^^^^^^^^^^^^
  File "/usr/local/lib/python3.12/site-packages/playwright/_impl/_connection.py", line 76, in send
    return await self._connection.wrap_api_call(
           ^^^^^^^^^^^^^^^^^^^^^^^^^^^^^^^^^^^^^
  File "/usr/local/lib/python3.12/site-packages/playwright/_impl/_connection.py", line 632, in wrap_api_call
    raise rewrite_error(error, f"{parsed_st['apiName']}: {error}") from None
playwright._impl._errors.TimeoutError: Locator.inner_text: Timeout 30000ms exceeded.
Call log:
  - waiting for locator("[data-testid=\"refund-uncertain-p_in3\"]")

rc=1
