INFO route /                @ 375 headings=['H2:Pay someone', 'H2:Request money', 'H2:Authorise a payment', 'H2:Activity'] targets<44px=[]
INFO route /                @ 390 headings=['H2:Pay someone', 'H2:Request money', 'H2:Authorise a payment', 'H2:Activity'] targets<44px=[]
INFO route /                @ 768 headings=['H2:Pay someone', 'H2:Request money', 'H2:Authorise a payment', 'H2:Activity'] targets<44px=[]
INFO route /                @1280 headings=['H2:Pay someone', 'H2:Request money', 'H2:Authorise a payment', 'H2:Activity'] targets<44px=[]
INFO route /requests        @ 375 headings=['H1:Requests', 'H2:Incoming', 'H2:Outgoing'] targets<44px=[]
INFO route /requests        @ 390 headings=['H1:Requests', 'H2:Incoming', 'H2:Outgoing'] targets<44px=[]
INFO route /requests        @ 768 headings=['H1:Requests', 'H2:Incoming', 'H2:Outgoing'] targets<44px=[]
INFO route /requests        @1280 headings=['H1:Requests', 'H2:Incoming', 'H2:Outgoing'] targets<44px=[]
INFO route /split           @ 375 headings=['H1:Split', 'H2:Split a bill'] targets<44px=[]
INFO route /split           @ 390 headings=['H1:Split', 'H2:Split a bill'] targets<44px=[]
INFO route /split           @ 768 headings=['H1:Split', 'H2:Split a bill'] targets<44px=[]
INFO route /split           @1280 headings=['H1:Split', 'H2:Split a bill'] targets<44px=[]
INFO route /authorizations  @ 375 headings=['H1:Authorizations', 'H2:Authorise a payment', 'H2:Holds'] targets<44px=[]
INFO route /authorizations  @ 390 headings=['H1:Authorizations', 'H2:Authorise a payment', 'H2:Holds'] targets<44px=[]
INFO route /authorizations  @ 768 headings=['H1:Authorizations', 'H2:Authorise a payment', 'H2:Holds'] targets<44px=[]
INFO route /authorizations  @1280 headings=['H1:Authorizations', 'H2:Authorise a payment', 'H2:Holds'] targets<44px=[]
INFO route /login           @ 375 headings=['H1:Log in'] targets<44px=[('A', 'Log in', 40, 44)]
INFO route /login           @ 390 headings=['H1:Log in'] targets<44px=[('A', 'Log in', 40, 44)]
INFO route /login           @ 768 headings=['H1:Log in'] targets<44px=[('A', 'Log in', 40, 44)]
INFO route /login           @1280 headings=['H1:Log in'] targets<44px=[('A', 'Log in', 40, 44)]
INFO route /signup          @ 375 headings=['H1:Create your account'] targets<44px=[('A', 'Log in', 40, 44), ('A', 'Log in', 40, 44)]
INFO route /signup          @ 390 headings=['H1:Create your account'] targets<44px=[('A', 'Log in', 40, 44), ('A', 'Log in', 40, 44)]
INFO route /signup          @ 768 headings=['H1:Create your account'] targets<44px=[('A', 'Log in', 40, 44), ('A', 'Log in', 40, 44)]
INFO route /signup          @1280 headings=['H1:Create your account'] targets<44px=[('A', 'Log in', 40, 44), ('A', 'Log in', 40, 44)]
== b9_obs: 0 pass, 0 fail
rc=0
